[33mYou are using Node.js 20.18.3. Vite requires Node.js version 20.19+ or 22.12+. Please upgrade your Node.js version.[39m
[2m2:33:10 PM[22m [31m[1m[vite][22m[39m [31mInternal server error: Transform failed with 2 errors:

[PARSE_ERROR] `await` is only allowed within async functions and at the top levels of modules
      ╭─[ src/App.tsx:1497:24 ]
      │
 1497 │         const result = await bridgeApi.pingFromRouter(mikrotik.routerId, router.ip_address, 4)
      │                        ──┬──  
      │                          ╰──── 
      │ 
      │ Help: Either remove this `await` or add the `async` keyword to the enclosing function
──────╯

[PARSE_ERROR] Unexpected token
      ╭─[ src/App.tsx:2805:1 ]
      │
 2805 │ }
      │ ┬  
      │ ╰── 
──────╯
[39m
  Plugin: [35mvite:oxc[39m
  File: [36mC:/Users/Chistine/Desktop/Orion-Billing-System-main/src/App.tsx[39m
      at transformWithOxc (file:///C:/Users/Chistine/Desktop/Orion-Billing-System-main/node_modules/vite/dist/node/chunks/node.js:4103:19)
      at TransformPluginContext.transform (file:///C:/Users/Chistine/Desktop/Orion-Billing-System-main/node_modules/vite/dist/node/chunks/node.js:4174:26)
      at EnvironmentPluginContainer.transform (file:///C:/Users/Chistine/Desktop/Orion-Billing-System-main/node_modules/vite/dist/node/chunks/node.js:30932:51)
      at async loadAndTransform (file:///C:/Users/Chistine/Desktop/Orion-Billing-System-main/node_modules/vite/dist/node/chunks/node.js:20671:26)
      at async viteTransformMiddleware (file:///C:/Users/Chistine/Desktop/Orion-Billing-System-main/node_modules/vite/dist/node/chunks/node.js:25205:20)
[2m2:33:10 PM[22m [31m[1m[vite][22m[39m [31mInternal server error: Transform failed with 2 errors:

[PARSE_ERROR] `await` is only allowed within async functions and at the top levels of modules
      ╭─[ src/App.tsx:1497:24 ]
      │
 1497 │         const result = await bridgeApi.pingFromRouter(mikrotik.routerId, router.ip_address, 4)
      │                        ──┬──  
      │                          ╰──── 
      │ 
      │ Help: Either remove this `await` or add the `async` keyword to the enclosing function
──────╯

[PARSE_ERROR] Unexpected token
      ╭─[ src/App.tsx:2805:1 ]
      │
 2805 │ }
      │ ┬  
      │ ╰── 
──────╯
[39m
  Plugin: [35mvite:oxc[39m
  File: [36mC:/Users/Chistine/Desktop/Orion-Billing-System-main/src/App.tsx[39m
      at transformWithOxc (file:///C:/Users/Chistine/Desktop/Orion-Billing-System-main/node_modules/vite/dist/node/chunks/node.js:4103:19)
      at TransformPluginContext.transform (file:///C:/Users/Chistine/Desktop/Orion-Billing-System-main/node_modules/vite/dist/node/chunks/node.js:4174:26)
      at EnvironmentPluginContainer.transform (file:///C:/Users/Chistine/Desktop/Orion-Billing-System-main/node_modules/vite/dist/node/chunks/node.js:30932:51)
      at async loadAndTransform (file:///C:/Users/Chistine/Desktop/Orion-Billing-System-main/node_modules/vite/dist/node/chunks/node.js:20671:26)
      at async viteTransformMiddleware (file:///C:/Users/Chistine/Desktop/Orion-Billing-System-main/node_modules/vite/dist/node/chunks/node.js:25205:20)
[2m2:33:31 PM[22m [31m[1m[vite][22m[39m [31mInternal server error: Transform failed with 2 errors:

[PARSE_ERROR] `await` is only allowed within async functions and at the top levels of modules
      ╭─[ src/App.tsx:1508:24 ]
      │
 1508 │         const result = await bridgeApi.pingFromRouter(mikrotik.routerId, router.ip_address, 4)
      │                        ──┬──  
      │                          ╰──── 
      │ 
      │ Help: Either remove this `await` or add the `async` keyword to the enclosing function
──────╯

[PARSE_ERROR] Unexpected token
      ╭─[ src/App.tsx:2816:1 ]
      │
 2816 │ }
      │ ┬  
      │ ╰── 
──────╯
[39m
  Plugin: [35mvite:oxc[39m
  File: [36mC:/Users/Chistine/Desktop/Orion-Billing-System-main/src/App.tsx[39m
      at transformWithOxc (file:///C:/Users/Chistine/Desktop/Orion-Billing-System-main/node_modules/vite/dist/node/chunks/node.js:4103:19)
      at TransformPluginContext.transform (file:///C:/Users/Chistine/Desktop/Orion-Billing-System-main/node_modules/vite/dist/node/chunks/node.js:4174:26)
      at EnvironmentPluginContainer.transform (file:///C:/Users/Chistine/Desktop/Orion-Billing-System-main/node_modules/vite/dist/node/chunks/node.js:30932:51)
      at async loadAndTransform (file:///C:/Users/Chistine/Desktop/Orion-Billing-System-main/node_modules/vite/dist/node/chunks/node.js:20671:26)
      at async viteTransformMiddleware (file:///C:/Users/Chistine/Desktop/Orion-Billing-System-main/node_modules/vite/dist/node/chunks/node.js:25205:20)
[2m2:33:31 PM[22m [31m[1m[vite][22m[39m [31mInternal server error: Transform failed with 2 errors:

[PARSE_ERROR] `await` is only allowed within async functions and at the top levels of modules
      ╭─[ src/App.tsx:1508:24 ]
      │
 1508 │         const result = await bridgeApi.pingFromRouter(mikrotik.routerId, router.ip_address, 4)
      │                        ──┬──  
      │                          ╰──── 
      │ 
      │ Help: Either remove this `await` or add the `async` keyword to the enclosing function
──────╯

[PARSE_ERROR] Unexpected token
      ╭─[ src/App.tsx:2816:1 ]
      │
 2816 │ }
      │ ┬  
      │ ╰── 
──────╯
[39m
  Plugin: [35mvite:oxc[39m
  File: [36mC:/Users/Chistine/Desktop/Orion-Billing-System-main/src/App.tsx[39m
      at transformWithOxc (file:///C:/Users/Chistine/Desktop/Orion-Billing-System-main/node_modules/vite/dist/node/chunks/node.js:4103:19)
      at TransformPluginContext.transform (file:///C:/Users/Chistine/Desktop/Orion-Billing-System-main/node_modules/vite/dist/node/chunks/node.js:4174:26)
      at EnvironmentPluginContainer.transform (file:///C:/Users/Chistine/Desktop/Orion-Billing-System-main/node_modules/vite/dist/node/chunks/node.js:30932:51)
      at async loadAndTransform (file:///C:/Users/Chistine/Desktop/Orion-Billing-System-main/node_modules/vite/dist/node/chunks/node.js:20671:26)
      at async viteTransformMiddleware (file:///C:/Users/Chistine/Desktop/Orion-Billing-System-main/node_modules/vite/dist/node/chunks/node.js:25205:20)
[2m2:34:33 PM[22m [31m[1m[vite][22m[39m [31mInternal server error: Transform failed with 2 errors:

[PARSE_ERROR] `await` is only allowed within async functions and at the top levels of modules
      ╭─[ src/App.tsx:1508:24 ]
      │
 1508 │         const result = await bridgeApi.pingFromRouter(mikrotik.routerId, router.ip_address, 4)
      │                        ──┬──  
      │                          ╰──── 
      │ 
      │ Help: Either remove this `await` or add the `async` keyword to the enclosing function
──────╯

[PARSE_ERROR] Unexpected token
      ╭─[ src/App.tsx:2816:1 ]
      │
 2816 │ }
      │ ┬  
      │ ╰── 
──────╯
[39m
  Plugin: [35mvite:oxc[39m
  File: [36mC:/Users/Chistine/Desktop/Orion-Billing-System-main/src/App.tsx[39m
      at transformWithOxc (file:///C:/Users/Chistine/Desktop/Orion-Billing-System-main/node_modules/vite/dist/node/chunks/node.js:4103:19)
      at TransformPluginContext.transform (file:///C:/Users/Chistine/Desktop/Orion-Billing-System-main/node_modules/vite/dist/node/chunks/node.js:4174:26)
      at EnvironmentPluginContainer.transform (file:///C:/Users/Chistine/Desktop/Orion-Billing-System-main/node_modules/vite/dist/node/chunks/node.js:30932:51)
      at async loadAndTransform (file:///C:/Users/Chistine/Desktop/Orion-Billing-System-main/node_modules/vite/dist/node/chunks/node.js:20671:26)
      at async viteTransformMiddleware (file:///C:/Users/Chistine/Desktop/Orion-Billing-System-main/node_modules/vite/dist/node/chunks/node.js:25205:20)
[2m2:34:33 PM[22m [31m[1m[vite][22m[39m [31mInternal server error: Transform failed with 2 errors:

[PARSE_ERROR] `await` is only allowed within async functions and at the top levels of modules
      ╭─[ src/App.tsx:1508:24 ]
      │
 1508 │         const result = await bridgeApi.pingFromRouter(mikrotik.routerId, router.ip_address, 4)
      │                        ──┬──  
      │                          ╰──── 
      │ 
      │ Help: Either remove this `await` or add the `async` keyword to the enclosing function
──────╯

[PARSE_ERROR] Unexpected token
      ╭─[ src/App.tsx:2816:1 ]
      │
 2816 │ }
      │ ┬  
      │ ╰── 
──────╯
[39m
  Plugin: [35mvite:oxc[39m
  File: [36mC:/Users/Chistine/Desktop/Orion-Billing-System-main/src/App.tsx[39m
      at transformWithOxc (file:///C:/Users/Chistine/Desktop/Orion-Billing-System-main/node_modules/vite/dist/node/chunks/node.js:4103:19)
      at TransformPluginContext.transform (file:///C:/Users/Chistine/Desktop/Orion-Billing-System-main/node_modules/vite/dist/node/chunks/node.js:4174:26)
      at EnvironmentPluginContainer.transform (file:///C:/Users/Chistine/Desktop/Orion-Billing-System-main/node_modules/vite/dist/node/chunks/node.js:30932:51)
      at async loadAndTransform (file:///C:/Users/Chistine/Desktop/Orion-Billing-System-main/node_modules/vite/dist/node/chunks/node.js:20671:26)
      at async viteTransformMiddleware (file:///C:/Users/Chistine/Desktop/Orion-Billing-System-main/node_modules/vite/dist/node/chunks/node.js:25205:20)
[2m2:34:42 PM[22m [31m[1m[vite][22m[39m [31mInternal server error: Transform failed with 2 errors:

[PARSE_ERROR] `await` is only allowed within async functions and at the top levels of modules
      ╭─[ src/App.tsx:1508:24 ]
      │
 1508 │         const result = await bridgeApi.pingFromRouter(mikrotik.routerId, router.ip_address, 4)
      │                        ──┬──  
      │                          ╰──── 
      │ 
      │ Help: Either remove this `await` or add the `async` keyword to the enclosing function
──────╯

[PARSE_ERROR] Unexpected token
      ╭─[ src/App.tsx:2816:1 ]
      │
 2816 │ }
      │ ┬  
      │ ╰── 
──────╯
[39m
  Plugin: [35mvite:oxc[39m
  File: [36mC:/Users/Chistine/Desktop/Orion-Billing-System-main/src/App.tsx[39m
      at transformWithOxc (file:///C:/Users/Chistine/Desktop/Orion-Billing-System-main/node_modules/vite/dist/node/chunks/node.js:4103:19)
      at TransformPluginContext.transform (file:///C:/Users/Chistine/Desktop/Orion-Billing-System-main/node_modules/vite/dist/node/chunks/node.js:4174:26)
      at EnvironmentPluginContainer.transform (file:///C:/Users/Chistine/Desktop/Orion-Billing-System-main/node_modules/vite/dist/node/chunks/node.js:30932:51)
      at async loadAndTransform (file:///C:/Users/Chistine/Desktop/Orion-Billing-System-main/node_modules/vite/dist/node/chunks/node.js:20671:26)
      at async viteTransformMiddleware (file:///C:/Users/Chistine/Desktop/Orion-Billing-System-main/node_modules/vite/dist/node/chunks/node.js:25205:20)
[2m2:34:42 PM[22m [31m[1m[vite][22m[39m [31mInternal server error: Transform failed with 2 errors:

[PARSE_ERROR] `await` is only allowed within async functions and at the top levels of modules
      ╭─[ src/App.tsx:1508:24 ]
      │
 1508 │         const result = await bridgeApi.pingFromRouter(mikrotik.routerId, router.ip_address, 4)
      │                        ──┬──  
      │                          ╰──── 
      │ 
      │ Help: Either remove this `await` or add the `async` keyword to the enclosing function
──────╯

[PARSE_ERROR] Unexpected token
      ╭─[ src/App.tsx:2816:1 ]
      │
 2816 │ }
      │ ┬  
      │ ╰── 
──────╯
[39m
  Plugin: [35mvite:oxc[39m
  File: [36mC:/Users/Chistine/Desktop/Orion-Billing-System-main/src/App.tsx[39m
      at transformWithOxc (file:///C:/Users/Chistine/Desktop/Orion-Billing-System-main/node_modules/vite/dist/node/chunks/node.js:4103:19)
      at TransformPluginContext.transform (file:///C:/Users/Chistine/Desktop/Orion-Billing-System-main/node_modules/vite/dist/node/chunks/node.js:4174:26)
      at EnvironmentPluginContainer.transform (file:///C:/Users/Chistine/Desktop/Orion-Billing-System-main/node_modules/vite/dist/node/chunks/node.js:30932:51)
      at async loadAndTransform (file:///C:/Users/Chistine/Desktop/Orion-Billing-System-main/node_modules/vite/dist/node/chunks/node.js:20671:26)
      at async viteTransformMiddleware (file:///C:/Users/Chistine/Desktop/Orion-Billing-System-main/node_modules/vite/dist/node/chunks/node.js:25205:20)
[2m2:34:53 PM[22m [31m[1m[vite][22m[39m [31mInternal server error: Transform failed with 2 errors:

[PARSE_ERROR] `await` is only allowed within async functions and at the top levels of modules
      ╭─[ src/App.tsx:1508:24 ]
      │
 1508 │         const result = await bridgeApi.pingFromRouter(mikrotik.routerId, router.ip_address, 4)
      │                        ──┬──  
      │                          ╰──── 
      │ 
      │ Help: Either remove this `await` or add the `async` keyword to the enclosing function
──────╯

[PARSE_ERROR] Unexpected token
      ╭─[ src/App.tsx:2816:1 ]
      │
 2816 │ }
      │ ┬  
      │ ╰── 
──────╯
[39m
  Plugin: [35mvite:oxc[39m
  File: [36mC:/Users/Chistine/Desktop/Orion-Billing-System-main/src/App.tsx[39m
      at transformWithOxc (file:///C:/Users/Chistine/Desktop/Orion-Billing-System-main/node_modules/vite/dist/node/chunks/node.js:4103:19)
      at TransformPluginContext.transform (file:///C:/Users/Chistine/Desktop/Orion-Billing-System-main/node_modules/vite/dist/node/chunks/node.js:4174:26)
      at EnvironmentPluginContainer.transform (file:///C:/Users/Chistine/Desktop/Orion-Billing-System-main/node_modules/vite/dist/node/chunks/node.js:30932:51)
      at async loadAndTransform (file:///C:/Users/Chistine/Desktop/Orion-Billing-System-main/node_modules/vite/dist/node/chunks/node.js:20671:26)
      at async viteTransformMiddleware (file:///C:/Users/Chistine/Desktop/Orion-Billing-System-main/node_modules/vite/dist/node/chunks/node.js:25205:20)
[2m2:34:53 PM[22m [31m[1m[vite][22m[39m [31mInternal server error: Transform failed with 2 errors:

[PARSE_ERROR] `await` is only allowed within async functions and at the top levels of modules
      ╭─[ src/App.tsx:1508:24 ]
      │
 1508 │         const result = await bridgeApi.pingFromRouter(mikrotik.routerId, router.ip_address, 4)
      │                        ──┬──  
      │                          ╰──── 
      │ 
      │ Help: Either remove this `await` or add the `async` keyword to the enclosing function
──────╯

[PARSE_ERROR] Unexpected token
      ╭─[ src/App.tsx:2816:1 ]
      │
 2816 │ }
      │ ┬  
      │ ╰── 
──────╯
[39m
  Plugin: [35mvite:oxc[39m
  File: [36mC:/Users/Chistine/Desktop/Orion-Billing-System-main/src/App.tsx[39m
      at transformWithOxc (file:///C:/Users/Chistine/Desktop/Orion-Billing-System-main/node_modules/vite/dist/node/chunks/node.js:4103:19)
      at TransformPluginContext.transform (file:///C:/Users/Chistine/Desktop/Orion-Billing-System-main/node_modules/vite/dist/node/chunks/node.js:4174:26)
      at EnvironmentPluginContainer.transform (file:///C:/Users/Chistine/Desktop/Orion-Billing-System-main/node_modules/vite/dist/node/chunks/node.js:30932:51)
      at async loadAndTransform (file:///C:/Users/Chistine/Desktop/Orion-Billing-System-main/node_modules/vite/dist/node/chunks/node.js:20671:26)
      at async viteTransformMiddleware (file:///C:/Users/Chistine/Desktop/Orion-Billing-System-main/node_modules/vite/dist/node/chunks/node.js:25205:20)
[2m2:35:17 PM[22m [31m[1m[vite][22m[39m [31mInternal server error: Transform failed with 2 errors:

[PARSE_ERROR] `await` is only allowed within async functions and at the top levels of modules
      ╭─[ src/App.tsx:1520:24 ]
      │
 1520 │         const result = await bridgeApi.pingFromRouter(mikrotik.routerId, router.ip_address, 4)
      │                        ──┬──  
      │                          ╰──── 
      │ 
      │ Help: Either remove this `await` or add the `async` keyword to the enclosing function
──────╯

[PARSE_ERROR] Unexpected token
      ╭─[ src/App.tsx:2828:1 ]
      │
 2828 │ }
      │ ┬  
      │ ╰── 
──────╯
[39m
  Plugin: [35mvite:oxc[39m
  File: [36mC:/Users/Chistine/Desktop/Orion-Billing-System-main/src/App.tsx[39m
      at transformWithOxc (file:///C:/Users/Chistine/Desktop/Orion-Billing-System-main/node_modules/vite/dist/node/chunks/node.js:4103:19)
      at TransformPluginContext.transform (file:///C:/Users/Chistine/Desktop/Orion-Billing-System-main/node_modules/vite/dist/node/chunks/node.js:4174:26)
      at EnvironmentPluginContainer.transform (file:///C:/Users/Chistine/Desktop/Orion-Billing-System-main/node_modules/vite/dist/node/chunks/node.js:30932:51)
      at async loadAndTransform (file:///C:/Users/Chistine/Desktop/Orion-Billing-System-main/node_modules/vite/dist/node/chunks/node.js:20671:26)
      at async viteTransformMiddleware (file:///C:/Users/Chistine/Desktop/Orion-Billing-System-main/node_modules/vite/dist/node/chunks/node.js:25205:20)
[2m2:35:17 PM[22m [31m[1m[vite][22m[39m [31mInternal server error: Transform failed with 2 errors:

[PARSE_ERROR] `await` is only allowed within async functions and at the top levels of modules
      ╭─[ src/App.tsx:1520:24 ]
      │
 1520 │         const result = await bridgeApi.pingFromRouter(mikrotik.routerId, router.ip_address, 4)
      │                        ──┬──  
      │                          ╰──── 
      │ 
      │ Help: Either remove this `await` or add the `async` keyword to the enclosing function
──────╯

[PARSE_ERROR] Unexpected token
      ╭─[ src/App.tsx:2828:1 ]
      │
 2828 │ }
      │ ┬  
      │ ╰── 
──────╯
[39m
  Plugin: [35mvite:oxc[39m
  File: [36mC:/Users/Chistine/Desktop/Orion-Billing-System-main/src/App.tsx[39m
      at transformWithOxc (file:///C:/Users/Chistine/Desktop/Orion-Billing-System-main/node_modules/vite/dist/node/chunks/node.js:4103:19)
      at TransformPluginContext.transform (file:///C:/Users/Chistine/Desktop/Orion-Billing-System-main/node_modules/vite/dist/node/chunks/node.js:4174:26)
      at EnvironmentPluginContainer.transform (file:///C:/Users/Chistine/Desktop/Orion-Billing-System-main/node_modules/vite/dist/node/chunks/node.js:30932:51)
      at async loadAndTransform (file:///C:/Users/Chistine/Desktop/Orion-Billing-System-main/node_modules/vite/dist/node/chunks/node.js:20671:26)
      at async viteTransformMiddleware (file:///C:/Users/Chistine/Desktop/Orion-Billing-System-main/node_modules/vite/dist/node/chunks/node.js:25205:20)
[2m2:39:49 PM[22m [31m[1m[vite][22m[39m [31mInternal server error: Transform failed with 2 errors:

[PARSE_ERROR] `await` is only allowed within async functions and at the top levels of modules
      ╭─[ src/App.tsx:1520:24 ]
      │
 1520 │         const result = await bridgeApi.pingFromRouter(mikrotik.routerId, router.ip_address, 4)
      │                        ──┬──  
      │                          ╰──── 
      │ 
      │ Help: Either remove this `await` or add the `async` keyword to the enclosing function
──────╯

[PARSE_ERROR] Unexpected token
      ╭─[ src/App.tsx:2828:1 ]
      │
 2828 │ }
      │ ┬  
      │ ╰── 
──────╯
[39m
  Plugin: [35mvite:oxc[39m
  File: [36mC:/Users/Chistine/Desktop/Orion-Billing-System-main/src/App.tsx[39m
      at transformWithOxc (file:///C:/Users/Chistine/Desktop/Orion-Billing-System-main/node_modules/vite/dist/node/chunks/node.js:4103:19)
      at TransformPluginContext.transform (file:///C:/Users/Chistine/Desktop/Orion-Billing-System-main/node_modules/vite/dist/node/chunks/node.js:4174:26)
      at EnvironmentPluginContainer.transform (file:///C:/Users/Chistine/Desktop/Orion-Billing-System-main/node_modules/vite/dist/node/chunks/node.js:30932:51)
      at async loadAndTransform (file:///C:/Users/Chistine/Desktop/Orion-Billing-System-main/node_modules/vite/dist/node/chunks/node.js:20671:26)
      at async viteTransformMiddleware (file:///C:/Users/Chistine/Desktop/Orion-Billing-System-main/node_modules/vite/dist/node/chunks/node.js:25205:20)
[2m2:39:49 PM[22m [31m[1m[vite][22m[39m [31mInternal server error: Transform failed with 2 errors:

[PARSE_ERROR] `await` is only allowed within async functions and at the top levels of modules
      ╭─[ src/App.tsx:1520:24 ]
      │
 1520 │         const result = await bridgeApi.pingFromRouter(mikrotik.routerId, router.ip_address, 4)
      │                        ──┬──  
      │                          ╰──── 
      │ 
      │ Help: Either remove this `await` or add the `async` keyword to the enclosing function
──────╯

[PARSE_ERROR] Unexpected token
      ╭─[ src/App.tsx:2828:1 ]
      │
 2828 │ }
      │ ┬  
      │ ╰── 
──────╯
[39m
  Plugin: [35mvite:oxc[39m
  File: [36mC:/Users/Chistine/Desktop/Orion-Billing-System-main/src/App.tsx[39m
      at transformWithOxc (file:///C:/Users/Chistine/Desktop/Orion-Billing-System-main/node_modules/vite/dist/node/chunks/node.js:4103:19)
      at TransformPluginContext.transform (file:///C:/Users/Chistine/Desktop/Orion-Billing-System-main/node_modules/vite/dist/node/chunks/node.js:4174:26)
      at EnvironmentPluginContainer.transform (file:///C:/Users/Chistine/Desktop/Orion-Billing-System-main/node_modules/vite/dist/node/chunks/node.js:30932:51)
      at async loadAndTransform (file:///C:/Users/Chistine/Desktop/Orion-Billing-System-main/node_modules/vite/dist/node/chunks/node.js:20671:26)
      at async viteTransformMiddleware (file:///C:/Users/Chistine/Desktop/Orion-Billing-System-main/node_modules/vite/dist/node/chunks/node.js:25205:20)
[2m2:40:25 PM[22m [31m[1m[vite][22m[39m [31m[2m(client)[22m[39m Pre-transform error: Transform failed with 2 errors:

[PARSE_ERROR] `await` is only allowed within async functions and at the top levels of modules
      ╭─[ src/App.tsx:1520:24 ]
      │
 1520 │         const result = await bridgeApi.pingFromRouter(mikrotik.routerId, router.ip_address, 4)
      │                        ──┬──  
      │                          ╰──── 
      │ 
      │ Help: Either remove this `await` or add the `async` keyword to the enclosing function
──────╯

[PARSE_ERROR] Unexpected token
      ╭─[ src/App.tsx:2828:1 ]
      │
 2828 │ }
      │ ┬  
      │ ╰── 
──────╯

  Plugin: [35mvite:oxc[39m
  File: [36mC:/Users/Chistine/Desktop/Orion-Billing-System-main/src/App.tsx[39m
[2m2:40:25 PM[22m [31m[1m[vite][22m[39m [31mInternal server error: Transform failed with 2 errors:

[PARSE_ERROR] `await` is only allowed within async functions and at the top levels of modules
      ╭─[ src/App.tsx:1520:24 ]
      │
 1520 │         const result = await bridgeApi.pingFromRouter(mikrotik.routerId, router.ip_address, 4)
      │                        ──┬──  
      │                          ╰──── 
      │ 
      │ Help: Either remove this `await` or add the `async` keyword to the enclosing function
──────╯

[PARSE_ERROR] Unexpected token
      ╭─[ src/App.tsx:2828:1 ]
      │
 2828 │ }
      │ ┬  
      │ ╰── 
──────╯
[39m
  Plugin: [35mvite:oxc[39m
  File: [36mC:/Users/Chistine/Desktop/Orion-Billing-System-main/src/App.tsx[39m
      at transformWithOxc (file:///C:/Users/Chistine/Desktop/Orion-Billing-System-main/node_modules/vite/dist/node/chunks/node.js:4103:19)
      at TransformPluginContext.transform (file:///C:/Users/Chistine/Desktop/Orion-Billing-System-main/node_modules/vite/dist/node/chunks/node.js:4174:26)
      at EnvironmentPluginContainer.transform (file:///C:/Users/Chistine/Desktop/Orion-Billing-System-main/node_modules/vite/dist/node/chunks/node.js:30932:51)
      at async loadAndTransform (file:///C:/Users/Chistine/Desktop/Orion-Billing-System-main/node_modules/vite/dist/node/chunks/node.js:20671:26)
      at async viteTransformMiddleware (file:///C:/Users/Chistine/Desktop/Orion-Billing-System-main/node_modules/vite/dist/node/chunks/node.js:25205:20)
[2m2:40:26 PM[22m [31m[1m[vite][22m[39m [31mInternal server error: Transform failed with 2 errors:

[PARSE_ERROR] `await` is only allowed within async functions and at the top levels of modules
      ╭─[ src/App.tsx:1520:24 ]
      │
 1520 │         const result = await bridgeApi.pingFromRouter(mikrotik.routerId, router.ip_address, 4)
      │                        ──┬──  
      │                          ╰──── 
      │ 
      │ Help: Either remove this `await` or add the `async` keyword to the enclosing function
──────╯

[PARSE_ERROR] Unexpected token
      ╭─[ src/App.tsx:2828:1 ]
      │
 2828 │ }
      │ ┬  
      │ ╰── 
──────╯
[39m
  Plugin: [35mvite:oxc[39m
  File: [36mC:/Users/Chistine/Desktop/Orion-Billing-System-main/src/App.tsx[39m
      at transformWithOxc (file:///C:/Users/Chistine/Desktop/Orion-Billing-System-main/node_modules/vite/dist/node/chunks/node.js:4103:19)
      at TransformPluginContext.transform (file:///C:/Users/Chistine/Desktop/Orion-Billing-System-main/node_modules/vite/dist/node/chunks/node.js:4174:26)
      at EnvironmentPluginContainer.transform (file:///C:/Users/Chistine/Desktop/Orion-Billing-System-main/node_modules/vite/dist/node/chunks/node.js:30932:51)
      at async loadAndTransform (file:///C:/Users/Chistine/Desktop/Orion-Billing-System-main/node_modules/vite/dist/node/chunks/node.js:20671:26)
      at async viteTransformMiddleware (file:///C:/Users/Chistine/Desktop/Orion-Billing-System-main/node_modules/vite/dist/node/chunks/node.js:25205:20)
